INFO: Running with entropic power schedule (0xFF, 100).
INFO: Seed: 606
INFO: Loaded 1 modules   (267436 inline 8-bit counters): 267436 [0x103e6ab80, 0x103eac02c),
INFO: Loaded 1 PC tables (267436 PCs): 267436 [0x103eac030,0x1042c0af0),
INFO:        3 files found in /var/folders/w6/z5pmj33j7rxg071c84mwvrzc0000gn/T/tmp.u2EmWbOPrt/work-r06_object_mapping
INFO: seed corpus: files: 3 min: 3b max: 32b total: 49b rss: 50Mb
#4	INITED cov: 55 ft: 55 corp: 3/49b exec/s: 0 rss: 50Mb
#10	NEW    cov: 57 ft: 59 corp: 4/65b lim: 32 exec/s: 0 rss: 51Mb L: 16/32 MS: 1 CrossOver-
#11	REDUCE cov: 57 ft: 59 corp: 4/64b lim: 32 exec/s: 0 rss: 51Mb L: 2/32 MS: 1 EraseBytes-
#13	NEW    cov: 59 ft: 65 corp: 5/94b lim: 32 exec/s: 0 rss: 51Mb L: 30/32 MS: 2 ShuffleBytes-InsertRepeatedBytes-
#14	NEW    cov: 61 ft: 67 corp: 6/109b lim: 32 exec/s: 0 rss: 51Mb L: 15/32 MS: 1 InsertByte-
#16	NEW    cov: 62 ft: 68 corp: 7/123b lim: 32 exec/s: 0 rss: 51Mb L: 14/32 MS: 2 EraseBytes-EraseBytes-
#19	NEW    cov: 63 ft: 70 corp: 8/154b lim: 32 exec/s: 0 rss: 51Mb L: 31/32 MS: 3 ChangeByte-ChangeBit-InsertByte-
#24	NEW    cov: 63 ft: 71 corp: 9/182b lim: 32 exec/s: 0 rss: 51Mb L: 28/32 MS: 5 InsertByte-ShuffleBytes-CopyPart-ChangeByte-CrossOver-
#27	NEW    cov: 67 ft: 75 corp: 10/206b lim: 32 exec/s: 0 rss: 51Mb L: 24/32 MS: 3 ChangeBinInt-CopyPart-InsertRepeatedBytes-
#28	REDUCE cov: 67 ft: 75 corp: 10/203b lim: 32 exec/s: 0 rss: 51Mb L: 11/32 MS: 1 EraseBytes-
#29	NEW    cov: 68 ft: 76 corp: 11/217b lim: 32 exec/s: 0 rss: 51Mb L: 14/32 MS: 1 ChangeBinInt-
#39	NEW    cov: 68 ft: 77 corp: 12/237b lim: 32 exec/s: 0 rss: 51Mb L: 20/32 MS: 5 ChangeBinInt-ShuffleBytes-ChangeByte-EraseBytes-CMP- DE: "\036\000\000\000\000\000\000\000"-
#45	NEW    cov: 68 ft: 78 corp: 13/269b lim: 32 exec/s: 0 rss: 51Mb L: 32/32 MS: 1 ChangeBit-
#52	NEW    cov: 69 ft: 79 corp: 14/284b lim: 32 exec/s: 0 rss: 51Mb L: 15/32 MS: 2 EraseBytes-PersAutoDict- DE: "\036\000\000\000\000\000\000\000"-
#54	REDUCE cov: 69 ft: 79 corp: 14/282b lim: 32 exec/s: 0 rss: 51Mb L: 13/32 MS: 2 EraseBytes-CopyPart-
#56	REDUCE cov: 70 ft: 80 corp: 15/306b lim: 32 exec/s: 0 rss: 51Mb L: 24/32 MS: 2 ShuffleBytes-CopyPart-
#67	NEW    cov: 70 ft: 84 corp: 16/335b lim: 32 exec/s: 0 rss: 51Mb L: 29/32 MS: 1 InsertByte-
#97	NEW    cov: 70 ft: 85 corp: 17/367b lim: 32 exec/s: 0 rss: 51Mb L: 32/32 MS: 5 ChangeBinInt-PersAutoDict-CrossOver-ChangeByte-CMP- DE: "\036\000\000\000\000\000\000\000"-"\001\000\020\000\000\000\000\000"-
#129	NEW    cov: 71 ft: 86 corp: 18/389b lim: 32 exec/s: 0 rss: 51Mb L: 22/32 MS: 2 ChangeBinInt-CMP- DE: "\001\000\000\000\000\000\000\007"-
#175	REDUCE cov: 71 ft: 86 corp: 18/386b lim: 32 exec/s: 0 rss: 51Mb L: 11/32 MS: 1 EraseBytes-
#418	REDUCE cov: 71 ft: 86 corp: 18/384b lim: 32 exec/s: 0 rss: 51Mb L: 11/32 MS: 3 CrossOver-CMP-EraseBytes- DE: "\000\000\000\000\000\000\000\010"-
#502	REDUCE cov: 71 ft: 87 corp: 19/401b lim: 32 exec/s: 0 rss: 51Mb L: 17/32 MS: 4 InsertByte-EraseBytes-ChangeBit-CrossOver-
#533	REDUCE cov: 71 ft: 87 corp: 19/400b lim: 32 exec/s: 0 rss: 51Mb L: 14/32 MS: 1 EraseBytes-
#911	REDUCE cov: 71 ft: 87 corp: 19/399b lim: 32 exec/s: 0 rss: 51Mb L: 1/32 MS: 3 ChangeByte-ShuffleBytes-EraseBytes-
#932	REDUCE cov: 71 ft: 87 corp: 19/398b lim: 32 exec/s: 0 rss: 51Mb L: 13/32 MS: 1 EraseBytes-
#1331	REDUCE cov: 71 ft: 87 corp: 19/397b lim: 32 exec/s: 0 rss: 51Mb L: 13/32 MS: 4 InsertRepeatedBytes-CrossOver-ShuffleBytes-InsertByte-
#1592	REDUCE cov: 71 ft: 87 corp: 19/385b lim: 32 exec/s: 0 rss: 51Mb L: 19/32 MS: 1 EraseBytes-
#1682	REDUCE cov: 71 ft: 87 corp: 19/379b lim: 32 exec/s: 0 rss: 51Mb L: 26/32 MS: 5 EraseBytes-ChangeBinInt-ChangeByte-InsertByte-InsertByte-
#2000	DONE   cov: 71 ft: 87 corp: 19/379b lim: 32 exec/s: 0 rss: 51Mb
###### Recommended dictionary. ######
"\036\000\000\000\000\000\000\000" # Uses: 37
"\001\000\020\000\000\000\000\000" # Uses: 41
"\001\000\000\000\000\000\000\007" # Uses: 47
"\000\000\000\000\000\000\000\010" # Uses: 38
###### End of recommended dictionary. ######
Done 2000 runs in 0 second(s)
